0 verbose cli /usr/local/bin/node /usr/local/lib/node_modules/npm/bin/npm-cli.js
1 info using npm@10.9.4
2 info using node@v22.22.0
3 silly config load:file:/usr/local/lib/node_modules/npm/npmrc
4 silly config load:file:/home/node/.openclaw/workspace/quartz/.npmrc
5 silly config load:file:/tmp/.npmrc
6 silly config load:file:/tmp/npm/etc/npmrc
7 verbose title npm exec quartz build
8 verbose argv "exec" "--" "quartz" "build"
9 verbose logfile logs-max:10 dir:/home/node/.openclaw/workspace/tmp/npm-cache/_logs/2026-04-07T23_12_12_037Z-
10 verbose logfile /home/node/.openclaw/workspace/tmp/npm-cache/_logs/2026-04-07T23_12_12_037Z-debug-0.log
11 silly logfile done cleaning log files
12 silly packumentCache heap:2197815296 maxSize:549453824 maxEntrySize:274726912
13 silly packumentCache heap:2197815296 maxSize:549453824 maxEntrySize:274726912
14 silly idealTree buildDeps
15 silly placeDep ROOT @jackyzha0/quartz@4.5.2 OK for:  want: file:../../../../quartz
16 silly reify moves {}
17 silly audit bulk request { '@jackyzha0/quartz': [ '4.5.2' ] }
18 http fetch GET 200 https://registry.npmjs.org/npm 296ms
19 http fetch POST 200 https://registry.npmjs.org/-/npm/v1/security/advisories/bulk 385ms
20 silly audit report {}
